// Jest Snapshot v1, https://goo.gl/fbAQLP

exports[`SearchBar should be rendered correctly 1`] = `ShallowWrapper {}`;
