// Jest Snapshot v1, https://goo.gl/fbAQLP

exports[`GradientButton should be rendered correctly 1`] = `ShallowWrapper {}`;
