// Jest Snapshot v1, https://goo.gl/fbAQLP

exports[`IdeaCard should be rendered correctly 1`] = `ShallowWrapper {}`;
