// Jest Snapshot v1, https://goo.gl/fbAQLP

exports[`AvatarList should be rendered correctly 1`] = `ShallowWrapper {}`;
